26/09/2026 05:59:27 AM INFO *********** Test_001_Login Started **********
26/09/2026 05:59:27 AM INFO *********** Verifying homePageTitle **********
26/09/2026 05:59:27 AM INFO *********** homePageTitle Test is Passed **********
26/09/2026 05:59:31 AM INFO *********** Verifying LoginFunctionality **********
26/09/2026 05:59:34 AM INFO *********** Login Functionality Test is Passed **********
26/09/2026 05:59:48 AM INFO *********** Test_002_DDT_Login **********
26/09/2026 05:59:48 AM INFO *********** Verifying Login DDT test **********
26/09/2026 05:59:52 AM INFO ***********   Passed **********
26/09/2026 05:59:55 AM INFO ***********  Passed **********
26/09/2026 05:59:58 AM INFO ***********  Passed **********
26/09/2026 06:00:01 AM INFO ***********  Passed **********
26/09/2026 06:00:01 AM INFO *********** test_login_ddt is Passed **********
26/09/2026 06:00:01 AM INFO *********** End Of Login DDT Test**********
26/09/2026 06:00:01 AM INFO *********** Completed Test_002_DDT_Login **********
26/09/2026 09:40:12 AM WARNING Error sending stats to Plausible: error sending request for url (https://plausible.io/api/event)
26/09/2026 09:40:12 AM INFO *********** Test_001_Login Started **********
26/09/2026 09:40:12 AM INFO *********** Verifying homePageTitle **********
26/09/2026 09:40:13 AM INFO *********** homePageTitle Test is Passed **********
26/09/2026 09:40:16 AM INFO *********** Verifying LoginFunctionality **********
26/09/2026 09:40:20 AM INFO *********** Login Functionality Test is Passed **********
02/10/2026 01:16:09 PM INFO *********** Test_001_Login Started **********
02/10/2026 01:16:09 PM INFO *********** Verifying homePageTitle **********
02/10/2026 01:16:10 PM INFO *********** homePageTitle Test is Passed **********
02/10/2026 01:16:13 PM INFO *********** Verifying LoginFunctionality **********
02/10/2026 01:16:16 PM INFO *********** Login Functionality Test is Passed **********
02/10/2026 01:16:43 PM INFO *********** Test_001_Login Started **********
02/10/2026 01:16:43 PM INFO *********** Verifying homePageTitle **********
02/10/2026 01:16:43 PM INFO *********** homePageTitle Test is Passed **********
02/10/2026 01:16:46 PM INFO *********** Verifying LoginFunctionality **********
02/10/2026 01:16:50 PM INFO *********** Login Functionality Test is Passed **********
02/10/2026 01:34:57 PM INFO *********** Test_001_Login Started **********
02/10/2026 01:34:57 PM INFO *********** Verifying homePageTitle **********
02/10/2026 01:34:57 PM INFO *********** homePageTitle Test is Passed **********
02/10/2026 01:35:00 PM INFO *********** Verifying LoginFunctionality **********
02/10/2026 01:35:04 PM INFO *********** Login Functionality Test is Passed **********
02/10/2026 02:09:39 PM INFO *********** Test_001_Login Started **********
02/10/2026 02:09:39 PM INFO *********** Verifying homePageTitle **********
02/10/2026 02:09:39 PM INFO *********** homePageTitle Test is Passed **********
02/10/2026 02:09:42 PM INFO *********** Verifying LoginFunctionality **********
02/10/2026 02:09:46 PM INFO *********** Login Functionality Test is Passed **********
02/10/2026 02:35:04 PM INFO *********** Test_001_Login Started **********
02/10/2026 02:35:04 PM INFO *********** Verifying homePageTitle **********
02/10/2026 02:35:09 PM INFO *********** homePageTitle Test is Passed **********
02/10/2026 02:35:14 PM INFO *********** Verifying LoginFunctionality **********
02/10/2026 02:35:18 PM INFO *********** Login Functionality Test is Passed **********
02/10/2026 02:35:20 PM INFO *********** Test_001_Login Started **********
02/10/2026 02:35:20 PM INFO *********** Verifying homePageTitle **********
02/10/2026 02:35:20 PM INFO *********** homePageTitle Test is Passed **********
02/10/2026 02:35:24 PM INFO *********** Verifying LoginFunctionality **********
02/10/2026 02:35:27 PM INFO *********** Login Functionality Test is Passed **********
02/10/2026 02:35:56 PM INFO *********** Test_001_Login Started **********
02/10/2026 02:35:56 PM INFO *********** Verifying homePageTitle **********
02/10/2026 02:35:56 PM INFO *********** homePageTitle Test is Passed **********
02/10/2026 02:36:00 PM INFO *********** Verifying LoginFunctionality **********
02/10/2026 02:36:03 PM INFO *********** Login Functionality Test is Passed **********
